4
U B2 L (F R)
U B2 L (F R')
U B2 L' (F R)
U B2 L' (F R')
