16
L2 R U D (U D)
L2 R U D (U D')
L2 R U D (U' D)
L2 R U D (U' D')
L2 R U D' (U D)
L2 R U D' (U D')
L2 R U D' (U' D)
L2 R U D' (U' D')
L2 R U' D (U D)
L2 R U' D (U D')
L2 R U' D (U' D)
L2 R U' D (U' D')
L2 R U' D' (U D)
L2 R U' D' (U D')
L2 R U' D' (U' D)
L2 R U' D' (U' D')
