40
0 0
70981632 3
71075840 1
71086080 3
142067712 2
218789888 3
218884096 2
283879424 2
283899904 3
283953152 3
283973632 2
360548808 3
360835072 3
473668032 3
473956352 3
499869696 3
500011008 3
598679552 3
599109185 3
662171648 3
662601226 3
724818316 3
725106688 3
790513664 3
790607872 3
904991108 3
926726144 3
928729088 3
1009662340 3
1088755203 3
1171758595 3
1206452224 3
1206480896 3
1277360128 3
1277454336 3
1403695492 3
1403697540 3
1403736452 3
1403738500 3
