1120256
Classes: 3393
Max value: 9
0: 1
1: 6
2: 63
3: 468
4: 3068
5: 15438
6: 53814
7: 71352
8: 8784
9: 96
