373 self-similar positions out of 3393
Size	number of groups
1	3020
2	311
3	8
4	35
6	9
8	6
12	1
16	1
24	1
48	1
