Test solver

0
512
512
12345678912345
399999999998
3393
11
2
0
20
100000000512

100
101
102
103
104
105
106
107
108
109
110
111
112
113
114
115
116
117
118
119
120
