82
100000 471
100001 107
100002 165
100004 321
100005 291
100006 392
100007 207
100008 272
100009 46
100010 88
100011 296
100012 68
100013 223
100014 169
100015 178
100016 121
100017 34
100018 24
100019 67
100020 325
100021 115
100022 67
100024 243
100025 82
100026 312
100027 142
100028 13
100029 161
100030 55
100031 264
100033 70
100036 117
100037 3
100038 194
100039 265
100041 308
100042 32
100043 149
100044 449
100045 164
100046 161
100047 376
100048 83
100049 59
100051 83
100052 319
100053 339
100056 236
100058 157
100059 77
100060 324
100062 407
100063 169
100064 51
100065 464
100066 156
100067 410
100068 41
100069 17
100070 132
100071 232
100072 29
100073 218
100074 320
100075 4
100076 22
100077 272
100079 139
100081 205
100084 116
100086 139
100087 245
100088 334
100089 192
100090 225
100091 411
100092 424
100093 230
100095 126
100096 262
100097 394
100099 287
